============================= test session starts =============================
platform win32 -- Python 3.11.7, pytest-8.4.2, pluggy-1.6.0 -- C:\Users\thebe\AppData\Local\Programs\Python\Python311\python.exe
cachedir: .pytest_cache
rootdir: C:\Users\thebe\Gtihub Repos\Mine\global-earthquake-monitor\backend
configfile: pyproject.toml
plugins: anyio-4.12.1, langsmith-0.7.22, asyncio-1.3.0, timeout-2.4.0
asyncio: mode=Mode.AUTO, debug=False, asyncio_default_fixture_loop_scope=None, asyncio_default_test_loop_scope=function
collecting ... collected 10 items

backend\tests\test_app_bootstrap.py::test_health_returns_200 PASSED      [ 10%]
backend\tests\test_app_bootstrap.py::test_health_response_shape PASSED   [ 20%]
backend\tests\test_app_bootstrap.py::test_earthquakes_route_registered PASSED [ 30%]
backend\tests\test_app_bootstrap.py::test_earthquakes_summary_route_registered PASSED [ 40%]
backend\tests\test_app_bootstrap.py::test_chat_route_registered PASSED   [ 50%]
backend\tests\test_app_bootstrap.py::test_export_xml_route_registered PASSED [ 60%]
backend\tests\test_app_bootstrap.py::test_export_csv_route_registered PASSED [ 70%]
backend\tests\test_app_bootstrap.py::test_export_pdf_route_registered PASSED [ 80%]
backend\tests\test_app_bootstrap.py::test_cors_header_present_for_allowed_origin PASSED [ 90%]
backend\tests\test_app_bootstrap.py::test_settings_fields_are_populated PASSED [100%]

============================= 10 passed in 4.04s ==============================
