ERROR: file or directory not found: backend/tests/

============================= test session starts =============================
platform win32 -- Python 3.11.7, pytest-8.4.2, pluggy-1.6.0
rootdir: C:\Users\thebe\Gtihub Repos\Mine\global-earthquake-monitor\backend
configfile: pyproject.toml
plugins: anyio-4.12.1, langsmith-0.7.22, asyncio-1.3.0, timeout-2.4.0
asyncio: mode=Mode.AUTO, debug=False, asyncio_default_fixture_loop_scope=None, asyncio_default_test_loop_scope=function
collected 0 items

============================ no tests ran in 0.01s ============================
